
> sassland@1.0.0 build
> vite build

[36mvite v5.4.10 [32mbuilding for production...[36m[39m
transforming...
node.exe : Browserslist: 
browsers data (caniuse-lite) 
is 16 months old. Please run:
At line:1 char:1
+ & "C:\Program 
Files\nodejs/node.exe" 
"C:\Program 
Files\nodejs/node_mo ...
+ ~~~~~~~~~~~~~~~~~~~~~~~~~~~~
~~~~~~~~~~~~~~~~~~~~~~~~~~~~~~
~~~~~~~~~~~
    + CategoryInfo            
  : NotSpecifi    ed: 
(Browserslist:     b...ld. 
Please ru    n::String) [], 
Rem    oteException
    + FullyQualifiedEr    
rorId : NativeComm    andError
 
  npx 
update-browserslist-db@latest
  Why you should do it 
regularly: https://github.com/
browserslist/update-db#readme
[32mΓ£ô[39m 4 modules transformed.
[31mx[39m Build failed in 
1.49s
[31merror during build:
[31m[vite:css] [postcss] C:/U
sers/umaba/Downloads/sassland-
free/src/index.css:125:5: The 
`shadow-[0_8px_30px_rgb(0,` 
class does not exist. If 
`shadow-[0_8px_30px_rgb(0,` 
is a custom class, make sure 
it is defined within a 
`@layer` directive.[31m
file: [36mC:/Users/umaba/Down
loads/sassland-free/src/index.
css:125:4[31m
    at Input.error (C:\Users\u
maba\Downloads\sassland-free\n
ode_modules\postcss\lib\input.
js:106:16)
    at AtRule.error (C:\Users\
umaba\Downloads\sassland-free\
node_modules\postcss\lib\node.
js:115:32)
    at processApply (C:\Users\
umaba\Downloads\sassland-free\
node_modules\tailwindcss\lib\l
ib\expandApplyAtRules.js:380:2
9)
    at C:\Users\umaba\Download
s\sassland-free\node_modules\t
ailwindcss\lib\lib\expandApply
AtRules.js:551:9
    at C:\Users\umaba\Download
s\sassland-free\node_modules\t
ailwindcss\lib\processTailwind
Features.js:55:50
    at async plugins (C:\Users
\umaba\Downloads\sassland-free
\node_modules\tailwindcss\lib\
plugin.js:38:17)
    at async 
LazyResult.runAsync (C:\Users\
umaba\Downloads\sassland-free\
node_modules\postcss\lib\lazy-
result.js:261:11)
    at async compileCSS (file:
///C:/Users/umaba/Downloads/sa
ssland-free/node_modules/vite/
dist/node/chunks/dep-BWSbWtLw.
js:36897:21)
    at async Object.transform 
(file:///C:/Users/umaba/Downlo
ads/sassland-free/node_modules
/vite/dist/node/chunks/dep-BWS
bWtLw.js:36170:11)
    at async transform (file:/
//C:/Users/umaba/Downloads/sas
sland-free/node_modules/rollup
/dist/es/shared/node-entry.js:
19581:16)[39m
